email,unique_key,del_flg
nobuhiko.tobita@gmail.com,5af48f3b-468b-4ae0-a065-7d7ac70b37a8,false
